
> frontend@0.1.0 build
> react-scripts build

node.exe : (node:9608) [DEP0176] DeprecationWarning: fs.F_OK is deprecated, use
 fs.constants.F_OK instead
At line:1 char:1
+ & "C:\Program Files\nodejs/node.exe" "C:\Program Files\nodejs/node_mo ...
+ ~~~~~~~~~~~~~~~~~~~~~~~~~~~~~~~~~~~~~~~~~~~~~~~~~~~~~~~~~~~~~~~~~~~~~
    + CategoryInfo          : NotSpecified: ((node:9608) [DE...ts.F_OK instead 
   :String) [], RemoteException
    + FullyQualifiedErrorId : NativeCommandError
 
(Use `node --trace-deprecation ...` to show where the warning was created)
Creating an optimized production build...
Failed to compile.

[eslint] 
src\pages\BarberRegister.jsx
Syntax error: Unexpected reserved word 'await'. (56:18) (56:18)


